// Jest Snapshot v1, https://goo.gl/fbAQLP

exports[`App component renders App 1`] = `
<DocumentFragment>
  <h1>
    Breaking Bad
  </h1>
  <ul />
</DocumentFragment>
`;
